
                                 *****************
                                 * O   R   C   A *
                                 *****************

                                            #,                                       
                                            ###                                      
                                            ####                                     
                                            #####                                    
                                            ######                                   
                                           ########,                                 
                                     ,,################,,,,,                         
                               ,,#################################,,                 
                          ,,##########################################,,             
                       ,#########################################, ''#####,          
                    ,#############################################,,   '####,        
                  ,##################################################,,,,####,       
                ,###########''''           ''''###############################       
              ,#####''   ,,,,##########,,,,          '''####'''          '####       
            ,##' ,,,,###########################,,,                        '##       
           ' ,,###''''                  '''############,,,                           
         ,,##''                                '''############,,,,        ,,,,,,###''
      ,#''                                            '''#######################'''  
     '                                                          ''''####''''         
             ,#######,   #######,   ,#######,      ##                                
            ,#'     '#,  ##    ##  ,#'     '#,    #''#        ######   ,####,        
            ##       ##  ##   ,#'  ##            #'  '#       #        #'  '#        
            ##       ##  #######   ##           ,######,      #####,   #    #        
            '#,     ,#'  ##    ##  '#,     ,#' ,#      #,         ##   #,  ,#        
             '#######'   ##     ##  '#######'  #'      '#     #####' # '####'        



                  #######################################################
                  #                        -***-                        #
                  #          Department of theory and spectroscopy      #
                  #    Directorship and core code : Frank Neese         #
                  #        Max Planck Institute fuer Kohlenforschung    #
                  #                Kaiser Wilhelm Platz 1               #
                  #                 D-45470 Muelheim/Ruhr               #
                  #                      Germany                        #
                  #                                                     #
                  #                  All rights reserved                #
                  #                        -***-                        #
                  #######################################################



                         Program Version 5.0.4 -  RELEASE  -

 With contributions from (in alphabetic order):
   Daniel Aravena         : Magnetic Suceptibility
   Michael Atanasov       : Ab Initio Ligand Field Theory (pilot matlab implementation)
   Alexander A. Auer      : GIAO ZORA, VPT2 properties, NMR spectrum
   Ute Becker             : Parallelization
   Giovanni Bistoni       : ED, misc. LED, open-shell LED, HFLD
   Martin Brehm           : Molecular dynamics
   Dmytro Bykov           : SCF Hessian
   Vijay G. Chilkuri      : MRCI spin determinant printing, contributions to CSF-ICE
   Dipayan Datta          : RHF DLPNO-CCSD density
   Achintya Kumar Dutta   : EOM-CC, STEOM-CC
   Dmitry Ganyushin       : Spin-Orbit,Spin-Spin,Magnetic field MRCI
   Miquel Garcia          : C-PCM and meta-GGA Hessian, CC/C-PCM, Gaussian charge scheme
   Yang Guo               : DLPNO-NEVPT2, F12-NEVPT2, CIM, IAO-localization
   Andreas Hansen         : Spin unrestricted coupled pair/coupled cluster methods
   Benjamin Helmich-Paris : MC-RPA, TRAH-SCF, COSX integrals
   Lee Huntington         : MR-EOM, pCC
   Robert Izsak           : Overlap fitted RIJCOSX, COSX-SCS-MP3, EOM
   Marcus Kettner         : VPT2
   Christian Kollmar      : KDIIS, OOCD, Brueckner-CCSD(T), CCSD density, CASPT2, CASPT2-K
   Simone Kossmann        : Meta GGA functionals, TD-DFT gradient, OOMP2, MP2 Hessian
   Martin Krupicka        : Initial AUTO-CI
   Lucas Lang             : DCDCAS
   Marvin Lechner         : AUTO-CI (C++ implementation), FIC-MRCC
   Dagmar Lenk            : GEPOL surface, SMD
   Dimitrios Liakos       : Extrapolation schemes; Compound Job, initial MDCI parallelization
   Dimitrios Manganas     : Further ROCIS development; embedding schemes
   Dimitrios Pantazis     : SARC Basis sets
   Anastasios Papadopoulos: AUTO-CI, single reference methods and gradients
   Taras Petrenko         : DFT Hessian,TD-DFT gradient, ASA, ECA, R-Raman, ABS, FL, XAS/XES, NRVS
   Peter Pinski           : DLPNO-MP2, DLPNO-MP2 Gradient
   Christoph Reimann      : Effective Core Potentials
   Marius Retegan         : Local ZFS, SOC
   Christoph Riplinger    : Optimizer, TS searches, QM/MM, DLPNO-CCSD(T), (RO)-DLPNO pert. Triples
   Tobias Risthaus        : Range-separated hybrids, TD-DFT gradient, RPA, STAB
   Michael Roemelt        : Original ROCIS implementation
   Masaaki Saitow         : Open-shell DLPNO-CCSD energy and density
   Barbara Sandhoefer     : DKH picture change effects
   Avijit Sen             : IP-ROCIS
   Kantharuban Sivalingam : CASSCF convergence, NEVPT2, FIC-MRCI
   Bernardo de Souza      : ESD, SOC TD-DFT
   Georgi Stoychev        : AutoAux, RI-MP2 NMR, DLPNO-MP2 response
   Willem Van den Heuvel  : Paramagnetic NMR
   Boris Wezisla          : Elementary symmetry handling
   Frank Wennmohs         : Technical directorship


 We gratefully acknowledge several colleagues who have allowed us to
 interface, adapt or use parts of their codes:
   Stefan Grimme, W. Hujo, H. Kruse, P. Pracht,  : VdW corrections, initial TS optimization,
                  C. Bannwarth, S. Ehlert          DFT functionals, gCP, sTDA/sTD-DF
   Ed Valeev, F. Pavosevic, A. Kumar             : LibInt (2-el integral package), F12 methods
   Garnet Chan, S. Sharma, J. Yang, R. Olivares  : DMRG
   Ulf Ekstrom                                   : XCFun DFT Library
   Mihaly Kallay                                 : mrcc  (arbitrary order and MRCC methods)
   Jiri Pittner, Ondrej Demel                    : Mk-CCSD
   Frank Weinhold                                : gennbo (NPA and NBO analysis)
   Christopher J. Cramer and Donald G. Truhlar   : smd solvation model
   Lars Goerigk                                  : TD-DFT with DH, B97 family of functionals
   V. Asgeirsson, H. Jonsson                     : NEB implementation
   FAccTs GmbH                                   : IRC, NEB, NEB-TS, DLPNO-Multilevel, CI-OPT
                                                   MM, QMMM, 2- and 3-layer-ONIOM, Crystal-QMMM,
                                                   LR-CPCM, SF, NACMEs, symmetry and pop. for TD-DFT,
                                                   nearIR, NL-DFT gradient (VV10), updates on ESD,
                                                   ML-optimized integration grids
   S Lehtola, MJT Oliveira, MAL Marques          : LibXC Library
   Liviu Ungur et al                             : ANISO software


 Your calculation uses the libint2 library for the computation of 2-el integrals
 For citations please refer to: http://libint.valeyev.net

 Your ORCA version has been built with support for libXC version: 5.1.0
 For citations please refer to: https://tddft.org/programs/libxc/

 This ORCA versions uses:
   CBLAS   interface :  Fast vector & matrix operations
   LAPACKE interface :  Fast linear algebra routines
   Shared memory     :  Shared parallel matrices




***************************************
The coordinates will be read from file: reactant.xyz
***************************************


leaving
================================================================================

----- Orbital basis set information -----
================================================================================
                                        WARNINGS
                       Please study these warnings very carefully!
================================================================================


WARNING: Direct SCF is incompatible with Method<>HF and Method<>DFT
  ===> : conventional SCF is chosen

WARNING: The NDO methods need Guess=HUECKEL or Guess=HCORE or Guess=MOREAD
  ===> : Guess is set to Hueckel

WARNING: The NDO methods need %rel::SOCType==1
  ===> : %rel::SOCType is set to 1

WARNING: The NDO methods cannot have frozencore=1
  ===> : %method FrozenCore=0 end

WARNING: The NDO methods cannot be used with Shark
  ===> : Turning Shark off
================================================================================
                                       INPUT FILE
================================================================================
NAME = runtime\scan_noopt.inp
|  1> ! PM3 SP
|  2> %geom Scan
|  3> B 0 1 [1.5 1.7 2.0 2.5 3.0]
|  4> end
|  5> end
|  6> * xyzfile -1 1 reactant.xyz
|  7> 
|  8>                          ****END OF INPUT****
================================================================================

                       ****************************
                       * Single Point Calculation *
                       ****************************

---------------------------------
CARTESIAN COORDINATES (ANGSTROEM)
---------------------------------
  C     -5.214680    0.771200    0.000070
  F     -3.836260    0.776920   -0.000200
  H     -5.583750   -0.006090    0.701890
  H     -5.586540    0.549800   -1.022500
  H     -5.591620    1.765110    0.321050
  F     -8.240550    0.678930   -0.000310

----------------------------
CARTESIAN COORDINATES (A.U.)
----------------------------
  NO LB      ZA    FRAG     MASS         X           Y           Z
   0 C     4.0000    0    12.011   -9.854317    1.457357    0.000132
   1 F     7.0000    0    18.998   -7.249481    1.468166   -0.000378
   2 H     1.0000    0     1.008  -10.551758   -0.011508    1.326380
   3 H     1.0000    0     1.008  -10.557031    1.038971   -1.932245
   4 H     1.0000    0     1.008  -10.566630    3.335574    0.606697
   5 F     7.0000    0    18.998  -15.572383    1.282992   -0.000586

--------------------------------
INTERNAL COORDINATES (ANGSTROEM)
--------------------------------
 C      0   0   0     0.000000000000     0.00000000     0.00000000
 F      1   0   0     1.378431894473     0.00000000     0.00000000
 H      1   2   0     1.110379989643   109.59731881     0.00000000
 H      1   2   3     1.110381567075   109.60525765   240.00059715
 H      1   2   3     1.110391377893   109.62151186   119.99972817
 F      3   1   2     2.832123493141    89.18497297   181.09661347

---------------------------
INTERNAL COORDINATES (A.U.)
---------------------------
 C      0   0   0     0.000000000000     0.00000000     0.00000000
 F      1   0   0     2.604858774816     0.00000000     0.00000000
 H      1   2   0     2.098314085012   109.59731881     0.00000000
 H      1   2   3     2.098317065926   109.60525765   240.00059715
 H      1   2   3     2.098335605686   109.62151186   119.99972817
 F      3   1   2     5.351937779480    89.18497297   181.09661347

----------------------------
SLATER BASIS SET DIM=  15
----------------------------
  0 C     2 shells
 l=0 nsto= 1
    2       1.565085000000        1.000000000000
 l=1 nsto= 1
    2       1.842345000000        1.000000000000
  1 F     2 shells
 l=0 nsto= 1
    2       4.708555000000        1.000000000000
 l=1 nsto= 1
    2       2.491178000000        1.000000000000
  2 H     1 shells
 l=0 nsto= 1
    1       0.967807000000        1.000000000000
  3 H     1 shells
 l=0 nsto= 1
    1       0.967807000000        1.000000000000
  4 H     1 shells
 l=0 nsto= 1
    1       0.967807000000        1.000000000000
  5 F     2 shells
 l=0 nsto= 1
    2       4.708555000000        1.000000000000
 l=1 nsto= 1
    2       2.491178000000        1.000000000000
------------------------------------------------------------------------------
                           ORCA NDO INTEGRAL CALCULATION
------------------------------------------------------------------------------

--------------
NDO PARAMETERS
--------------

Gamma integral treatment              ... MOPAC
Nuclear repulsuion treatment          ... AM1-style
Interaction factors:
s-s (sigma) =    1.0000
s-p (sigma) =    1.0000
s-d (sigma) =    1.0000
p-p (sigma) =    1.0000  p-p(pi) =    1.0000
p-d (sigma) =    1.0000  p-d(pi) =    1.0000
d-d (sigma) =    1.0000  d-d(pi) =    1.0000 d-d (delta) =    1.0000

--------------------------
Parameters for Element H :
--------------------------
 One-electron parameters (in eV)
  U(s)  =   -13.073321 Beta(s) =     5.626512 Neff(s) =     1.000000
 One-center electron repulsion parameters (in eV)
  G(s,s)=    14.794208
--------------------------
Parameters for Element C :
--------------------------
 One-electron parameters (in eV)
  U(s)  =   -47.270320 Beta(s) =    11.910015 Neff(s) =     2.000000
  U(p)  =   -36.266918 Beta(p) =     9.802755 Neff(p) =     2.000000 
 One-center electron repulsion parameters (in eV)
  G(s,s)=    11.200708
  G(s,p)=    10.265027 G(p,p)  =     9.627141
 Slater-Condon parameters (in eV)
 F2(p,p)=     7.3072 G1(s,p)=    6.8729
--------------------------
Parameters for Element F :
--------------------------
 One-electron parameters (in eV)
  U(s)  =  -110.435303 Beta(s) =    48.405939 Neff(s) =     2.000000
  U(p)  =  -105.685047 Beta(p) =    27.744660 Neff(p) =     5.000000 
 One-center electron repulsion parameters (in eV)
  G(s,s)=    10.496667
  G(s,p)=    16.073689 G(p,p)  =    14.551347
 Slater-Condon parameters (in eV)
 F2(p,p)=     1.6619 G1(s,p)=    2.1833

 Number of atoms                    ....    6
 Number of basis functions          ....   15

 Overlap integrals                  .... done
 One electron matrix                .... done
 Nuclear repulsion                  .... done
 Integral list                      .... done
 Electron-electron repulsion        .... done
-------------------------------------------------------------------------------
                                 ORCA SCF
-------------------------------------------------------------------------------

------------
SCF SETTINGS
------------
Hamiltonian:
 ZDO-Hamiltonian        Method          .... NDDO


General Settings:
 Integral files         IntName         .... runtime\scan_noopt
 Hartree-Fock type      HFTyp           .... RHF
 Total Charge           Charge          ....   -1
 Multiplicity           Mult            ....    1
 Number of Electrons    NEL             ....   22
 Basis Dimension        Dim             ....   15
 Nuclear Repulsion      ENuc            ....     31.6365952519 Eh

Convergence Acceleration:
 DIIS                   CNVDIIS         .... on
   Start iteration      DIISMaxIt       ....    12
   Startup error        DIISStart       ....  0.200000
   # of expansion vecs  DIISMaxEq       ....     5
   Bias factor          DIISBfac        ....   1.050
   Max. coefficient     DIISMaxC        ....  10.000
 Trust-Rad. Augm. Hess. CNVTRAH         .... off
 SOSCF                  CNVSOSCF        .... on
   Start iteration      SOSCFMaxIt      ....   150
   Startup grad/error   SOSCFStart      ....  0.003300
 Level Shifting         CNVShift        .... on
   Level shift para.    LevelShift      ....    0.2500
   Turn off err/grad.   ShiftErr        ....    0.0010
 Zerner damping         CNVZerner       .... off
 Static damping         CNVDamp         .... on
   Fraction old density DampFac         ....    0.7000
   Max. Damping (<1)    DampMax         ....    0.9800
   Min. Damping (>=0)   DampMin         ....    0.0000
   Turn off err/grad.   DampErr         ....    0.1000
 Fernandez-Rico         CNVRico         .... off

SCF Procedure:
 Maximum # iterations   MaxIter         ....   125
 SCF integral mode      SCFMode         .... Conventional
 Integral Buffer length BufferLength    .... 1048576
 Integral index format  IndFormat       ....     0
 Integral value format  ValFormat       ....     0
 Integral Storage       Thresh          ....  1.000e-08 Eh

Convergence Tolerance:
 Convergence Check Mode ConvCheckMode   .... Total+1el-Energy
 Convergence forced     ConvForced      .... 0
 Energy Change          TolE            ....  1.000e-06 Eh
 1-El. energy change                    ....  1.000e-03 Eh
 Orbital Gradient       TolG            ....  5.000e-05
 Orbital Rotation angle TolX            ....  5.000e-05
 DIIS Error             TolErr          ....  1.000e-06


Diagonalization of the overlap matrix:
Smallest eigenvalue                        ... 2.123e-01
Time for diagonalization                   ...    0.001 sec
Threshold for overlap eigenvalues          ... 1.000e-08
Number of eigenvalues below threshold      ... 0
Time for construction of square roots      ...    0.001 sec
Total time needed                          ...    0.002 sec

-------------------------------
INITIAL GUESS: EXTENDED HUECKEL
-------------------------------
EHT matrix was read from disk
EHT matrix was diagonalized
Initial density was built
                      ------------------
                      INITIAL GUESS DONE
                      ------------------

 InCore treatment chosen:
   Memory dedicated               ...    1024 MB
   Memory needed                  ...      0 MB
   Number of tiny    integrals    ...      24
   Number of small   integrals    ...      62
   Number of regular integrals    ...     358

--------------
SCF ITERATIONS
--------------
ITER       Energy         Delta-E        Max-DP      RMS-DP      [F,P]     Damp
  0    -38.3475159587   0.000000000000 0.03919108  0.00528387  0.1773748 0.7000
  1    -38.3596602548  -0.012144296070 0.03995096  0.00536311  0.1517658 0.7000
                               ***Turning on DIIS***
  2    -38.3706364951  -0.010976240294 0.03385672  0.00462991  0.1258394 0.7000
  3    -38.4085513384  -0.037914843296 0.03219144  0.00464213  0.1036442 0.7000
  4    -38.4302550959  -0.021703757482 0.09858027  0.01512684  0.0822145 0.0000
  5    -38.4220528522   0.008202243647 0.02029281  0.00344274  0.0153020 0.0000
  6    -38.4132175833   0.008835268882 0.01384160  0.00215719  0.0058667 0.0000
                      *** Initiating the SOSCF procedure ***
                           *** Shutting down DIIS ***
                      *** Re-Reading the Fockian *** 
                      *** Removing any level shift *** 
ITER      Energy       Delta-E        Grad      Rot      Max-DP    RMS-DP
  7    -38.41223795   0.0009796327  0.003121  0.003121  0.006792  0.001011
  8    -38.41369678  -0.0014588278  0.000640  0.001030  0.001961  0.000270
  9    -38.41370159  -0.0000048151  0.000327  0.001132  0.002211  0.000306
 10    -38.41370352  -0.0000019273  0.000032  0.000040  0.000111  0.000013
                 **** Energy Check signals convergence ****
              ***Rediagonalizing the Fockian in SOSCF/NRSCF***

               *****************************************************
               *                     SUCCESS                       *
               *           SCF CONVERGED AFTER  11 CYCLES          *
               *****************************************************


----------------
TOTAL SCF ENERGY
----------------

Total Energy       :          -38.41370353 Eh           -1045.29001 eV

Components:
Nuclear Repulsion  :           31.63659525 Eh             860.87552 eV
Electronic Energy  :          -70.05029878 Eh           -1906.16554 eV
One Electron Energy:         -131.59846422 Eh           -3580.97626 eV
Two Electron Energy:           61.54816543 Eh            1674.81073 eV


---------------
SCF CONVERGENCE
---------------

  Last Energy change         ...   -1.1868e-08  Tolerance :   1.0000e-06
  Last MAX-Density change    ...    3.4655e-05  Tolerance :   1.0000e-05
  Last RMS-Density change    ...    4.9588e-06  Tolerance :   1.0000e-06
  Last Orbital Gradient      ...    7.0505e-06  Tolerance :   5.0000e-05
  Last Orbital Rotation      ...    1.7249e-05  Tolerance :   5.0000e-05

             **** THE GBW FILE WAS UPDATED (runtime\scan_noopt.gbw) ****
             **** DENSITY runtime\scan_noopt.scfp WAS UPDATED ****
             **** ENERGY FILE WAS UPDATED (runtime\scan_noopt.en.tmp) ****
             **** THE GBW FILE WAS UPDATED (runtime\scan_noopt.gbw) ****
             **** DENSITY runtime\scan_noopt.scfp WAS UPDATED ****
----------------
ORBITAL ENERGIES
----------------

  NO   OCC          E(Eh)            E(eV) 
   0   2.0000      -0.991804       -26.9884 
   1   2.0000      -0.595910       -16.2155 
   2   2.0000      -0.508425       -13.8349 
   3   2.0000      -0.508337       -13.8326 
   4   2.0000      -0.493406       -13.4263 
   5   2.0000      -0.321895        -8.7592 
   6   2.0000      -0.321410        -8.7460 
   7   2.0000      -0.224311        -6.1038 
   8   2.0000      -0.095338        -2.5943 
   9   2.0000      -0.095329        -2.5940 
  10   2.0000      -0.094889        -2.5821 
  11   0.0000       0.248580         6.7642 
  12   0.0000       0.299485         8.1494 
  13   0.0000       0.300175         8.1682 
  14   0.0000       0.312399         8.5008 

                    ********************************
                    * MULLIKEN POPULATION ANALYSIS *
                    ********************************

-----------------------
MULLIKEN ATOMIC CHARGES
-----------------------
   0 C :   -0.198585
   1 F :   -0.207257
   2 H :    0.135285
   3 H :    0.133573
   4 H :    0.129733
   5 F :   -0.992749
Sum of atomic charges:   -1.0000000

--------------------------------
MULLIKEN REDUCED ORBITAL CHARGES
--------------------------------
  0 C s       :     1.473130  s :     1.473130
      pz      :     0.986559  p :     2.725454
      px      :     0.754997
      py      :     0.983899
  1 F s       :     1.796634  s :     1.796634
      pz      :     1.991236  p :     5.410623
      px      :     1.428222
      py      :     1.991165
  2 H s       :     0.864715  s :     0.864715
  3 H s       :     0.866427  s :     0.866427
  4 H s       :     0.870267  s :     0.870267
  5 F s       :     1.998626  s :     1.998626
      pz      :     1.999466  p :     5.994123
      px      :     1.995146
      py      :     1.999512


                     *******************************
                     * LOEWDIN POPULATION ANALYSIS *
                     *******************************

----------------------
LOEWDIN ATOMIC CHARGES
----------------------
   0 C :    0.012938
   1 F :   -0.202668
   2 H :    0.062893
   3 H :    0.061560
   4 H :    0.058568
   5 F :   -0.993289

-------------------------------
LOEWDIN REDUCED ORBITAL CHARGES
-------------------------------
  0 C s       :     1.144788  s :     1.144788
      pz      :     1.037960  p :     2.842274
      px      :     0.768580
      py      :     1.035733
  1 F s       :     1.796595  s :     1.796595
      pz      :     1.990937  p :     5.406073
      px      :     1.424274
      py      :     1.990863
  2 H s       :     0.937107  s :     0.937107
  3 H s       :     0.938440  s :     0.938440
  4 H s       :     0.941432  s :     0.941432
  5 F s       :     1.998749  s :     1.998749
      pz      :     1.999503  p :     5.994540
      px      :     1.995492
      py      :     1.999545


                      *****************************
                      * MAYER POPULATION ANALYSIS *
                      *****************************

  NA   - Mulliken gross atomic population
  ZA   - Total nuclear charge
  QA   - Mulliken gross atomic charge
  VA   - Mayer's total valence
  BVA  - Mayer's bonded valence
  FA   - Mayer's free valence

  ATOM       NA         ZA         QA         VA         BVA        FA
  0 C      6.2892     4.0000    -2.2892     2.0733    10.4675    -8.3941
  1 F      7.5654     7.0000    -0.5654     0.6863     1.9812    -1.2949
  2 H      1.5516     1.0000    -0.5516     0.6957     3.1890    -2.4933
  3 H      1.5528     1.0000    -0.5528     0.6945     3.1893    -2.4948
  4 H      1.5554     1.0000    -0.5554     0.6916     3.1898    -2.4983
  5 F      7.9956     7.0000    -0.9956     0.0087     0.0166    -0.0079

  Mayer bond orders larger than 0.100000
B(  0-C ,  1-F ) :   1.9470 B(  0-C ,  2-H ) :   2.8394 B(  0-C ,  3-H ) :   2.8400 
B(  0-C ,  4-H ) :   2.8413 B(  2-H ,  3-H ) :   0.1663 B(  2-H ,  4-H ) :   0.1662 
B(  3-H ,  4-H ) :   0.1661 

-------
TIMINGS
-------

Total SCF time: 0 days 0 hours 0 min 0 sec 

Total time                  ....       0.422 sec
Sum of individual times     ....       0.122 sec  ( 28.9%)

Fock matrix formation       ....       0.039 sec  (  9.2%)
Diagonalization             ....       0.001 sec  (  0.2%)
Density matrix formation    ....       0.000 sec  (  0.0%)
Population analysis         ....       0.012 sec  (  2.8%)
Initial guess               ....       0.001 sec  (  0.2%)
Orbital Transformation      ....       0.000 sec  (  0.0%)
Orbital Orthonormalization  ....       0.000 sec  (  0.0%)
DIIS solution               ....       0.061 sec  ( 14.5%)
SOSCF solution              ....       0.008 sec  (  1.9%)

Maximum memory used throughout the entire SCF-calculation: 222.8 MB

-------------------------   --------------------
FINAL SINGLE POINT ENERGY       -38.413703532797
-------------------------   --------------------


                            ***************************************
                            *     ORCA property calculations      *
                            ***************************************

                                    ---------------------
                                    Active property flags
                                    ---------------------
   (+) Dipole Moment


------------------------------------------------------------------------------
                       ORCA ELECTRIC PROPERTIES CALCULATION
------------------------------------------------------------------------------

Dipole Moment Calculation                       ... on
Quadrupole Moment Calculation                   ... off
Polarizability Calculation                      ... off
GBWName                                         ... runtime\scan_noopt.gbw
Electron density                                ... runtime\scan_noopt.scfp
The origin for moment calculation is the CENTER OF MASS  = (-11.009764,  1.398592 -0.000299)

-------------
DIPOLE MOMENT
-------------
                                X             Y             Z
Electronic contribution:     -1.12038      -0.23604      -0.00259
Nuclear contribution   :      0.35931       0.08013       0.00090
                        -----------------------------------------
Total Dipole Moment    :     -0.76107      -0.15591      -0.00169
                        -----------------------------------------
Magnitude (a.u.)       :      0.77687
Magnitude (Debye)      :      1.97466



--------------------
Rotational spectrum 
--------------------
 
Rotational constants in cm-1:     5.084803     0.087621     0.087618 
Rotational constants in MHz : 152438.550352  2626.803736  2626.713897 

 Dipole components along the rotational axes: 
x,y,z [a.u.] :    -0.764519     0.137983    -0.001972 
x,y,z [Debye]:    -1.943254     0.350725    -0.005012 

 

Timings for individual modules:

Sum of individual times         ...        0.511 sec (=   0.009 min)
STO integral calculation        ...        0.053 sec (=   0.001 min)  10.4 %
SCF iterations                  ...        0.458 sec (=   0.008 min)  89.6 %
                             ****ORCA TERMINATED NORMALLY****
TOTAL RUN TIME: 0 days 0 hours 0 minutes 0 seconds 772 msec
